Copyright 1986-2015 Xilinx, Inc. All Rights Reserved.
-------------------------------------------------------------------------------------------------
| Tool Version      : Vivado v.2015.4 (win64) Build 1412921 Wed Nov 18 09:43:45 MST 2015
| Date              : Thu Feb 09 12:08:53 2017
| Host              : DESKTOP-AO4G6AL running 64-bit major release  (build 9200)
| Command           : report_clock_utilization -file scaler_to_vpss_clock_utilization_routed.rpt
| Design            : scaler_to_vpss
| Device            : 7z020-clg484
| Speed File        : -1  PRODUCTION 1.11 2014-09-11
| Temperature Grade : C
-------------------------------------------------------------------------------------------------

Clock Utilization Report

Table of Contents
-----------------
1. Clock Primitive Utilization
2. Details of Global Clocks
3. Details of Regional Clocks
4. Details of Multi-Regional Clocks
5. Details of I/O Clocks
6. Details of Local Clocks
7. Clock Regions : Key Resource Utilization
8. Net wise resources used in clock region X0Y0
9. Net wise resources used in clock region X1Y0
10. Net wise resources used in clock region X0Y1
11. Net wise resources used in clock region X1Y1
12. Net wise resources used in clock region X0Y2
13. Net wise resources used in clock region X1Y2

1. Clock Primitive Utilization
------------------------------

+-------+------+-----------+-----------+
| Type  | Used | Available | Num Fixed |
+-------+------+-----------+-----------+
| BUFG  |    5 |        32 |         0 |
| BUFH  |    0 |        72 |         0 |
| BUFIO |    0 |        16 |         0 |
| MMCM  |    0 |         4 |         0 |
| PLL   |    0 |         4 |         0 |
| BUFR  |    0 |        16 |         0 |
| BUFMR |    0 |         8 |         0 |
+-------+------+-----------+-----------+


2. Details of Global Clocks
---------------------------

+-------+-----------------------------------------------------------------------------------------------------------+-----------------------------------------------------------------------------------+---------------+-------+
|       |                                                                                                           |                                                                                   |   Num Loads   |       |
+-------+-----------------------------------------------------------------------------------------------------------+-----------------------------------------------------------------------------------+-------+-------+-------+
| Index | BUFG Cell                                                                                                 | Net Name                                                                          |  BELs | Sites | Fixed |
+-------+-----------------------------------------------------------------------------------------------------------+-----------------------------------------------------------------------------------+-------+-------+-------+
|     1 | fmc_imageon_hdmii_clk_IBUF_BUFG_inst                                                                      | fmc_imageon_hdmii_clk_IBUF_BUFG                                                   |  2380 |   715 |    no |
|     2 | adv7511_clk_OBUF_BUFG_inst                                                                                | adv7511_clk_OBUF_BUFG                                                             |  2401 |   709 |    no |
|     3 | design_1_wrapper_inst/design_1_i/control_path/processing_system7_0/inst/buffer_fclk_clk_0.FCLK_CLK_0_BUFG | design_1_wrapper_inst/design_1_i/control_path/processing_system7_0/inst/FCLK_CLK0 |  4617 |  1187 |    no |
|     4 | design_1_wrapper_inst/design_1_i/control_path/processing_system7_0/inst/buffer_fclk_clk_2.FCLK_CLK_2_BUFG | design_1_wrapper_inst/design_1_i/control_path/processing_system7_0/inst/FCLK_CLK2 |  9249 |  2386 |    no |
|     5 | design_1_wrapper_inst/design_1_i/control_path/processing_system7_0/inst/buffer_fclk_clk_1.FCLK_CLK_1_BUFG | design_1_wrapper_inst/design_1_i/control_path/processing_system7_0/inst/FCLK_CLK1 | 24809 |  6926 |    no |
+-------+-----------------------------------------------------------------------------------------------------------+-----------------------------------------------------------------------------------+-------+-------+-------+


3. Details of Regional Clocks
-----------------------------

4. Details of Multi-Regional Clocks
-----------------------------------

5. Details of I/O Clocks
------------------------

6. Details of Local Clocks
--------------------------

7. Clock Regions : Key Resource Utilization
-------------------------------------------

+-------------------+--------------+--------------+--------------+--------------+--------------+--------------+--------------+--------------+--------------+--------------+---------------+--------------+--------------+--------------+--------------+
|                   | Global Clock |     BUFRs    |    BUFMRs    |    BUFIOs    |     MMCM     |      PLL     |      GT      |      PCI     |    ILOGIC    |    OLOGIC    |       FF      |     LUTM     |    RAMB18    |    RAMB36    |    DSP48E1   |
+-------------------+------+-------+------+-------+------+-------+------+-------+------+-------+------+-------+------+-------+------+-------+------+-------+------+-------+-------+-------+------+-------+------+-------+------+-------+------+-------+
| Clock Region Name | Used | Avail | Used | Avail | Used | Avail | Used | Avail | Used | Avail | Used | Avail | Used | Avail | Used | Avail | Used | Avail | Used | Avail |  Used | Avail | Used | Avail | Used | Avail | Used | Avail | Used | Avail |
+-------------------+------+-------+------+-------+------+-------+------+-------+------+-------+------+-------+------+-------+------+-------+------+-------+------+-------+-------+-------+------+-------+------+-------+------+-------+------+-------+
| X0Y0              |    5 |    12 |    0 |     4 |    0 |     2 |    0 |     4 |    0 |     1 |    0 |     1 |    0 |     0 |    0 |     0 |   17 |    50 |   18 |    50 |  8371 | 20000 |  515 |  4000 |    9 |    60 |   11 |    30 |   13 |    60 |
| X1Y0              |    4 |    12 |    0 |     4 |    0 |     2 |    0 |     4 |    0 |     1 |    0 |     1 |    0 |     0 |    0 |     0 |    0 |    50 |    0 |    50 | 10167 | 25600 |  287 |  3400 |    9 |    60 |   21 |    30 |   38 |    40 |
| X0Y1              |    4 |    12 |    0 |     0 |    0 |     0 |    0 |     0 |    0 |     0 |    0 |     0 |    0 |     0 |    0 |     0 |    0 |     0 |    0 |     0 |  4003 |  9600 |  413 |  1600 |    0 |    20 |    2 |    10 |    0 |    20 |
| X1Y1              |    5 |    12 |    0 |     4 |    0 |     2 |    0 |     4 |    0 |     1 |    0 |     1 |    0 |     0 |    0 |     0 |    0 |    50 |    0 |    50 |  8176 | 20800 |  628 |  3400 |    4 |    60 |   22 |    30 |   24 |    40 |
| X0Y2              |    4 |    12 |    0 |     0 |    0 |     0 |    0 |     0 |    0 |     0 |    0 |     0 |    0 |     0 |    0 |     0 |    0 |     0 |    0 |     0 |  3204 |  9600 |   43 |  1600 |    1 |    20 |    1 |    10 |    7 |    20 |
| X1Y2              |    4 |    12 |    0 |     4 |    0 |     2 |    0 |     4 |    0 |     1 |    0 |     1 |    0 |     0 |    0 |     0 |    0 |    50 |    0 |    50 |  7081 | 20800 |  315 |  3400 |    4 |    60 |    9 |    30 |   28 |    40 |
+-------------------+------+-------+------+-------+------+-------+------+-------+------+-------+------+-------+------+-------+------+-------+------+-------+------+-------+-------+-------+------+-------+------+-------+------+-------+------+-------+
* RAMB36 site can be used as two RAMB18/FIFO18 sites.


8. Net wise resources used in clock region X0Y0
-----------------------------------------------

+-------------+--------------+-------+-----------+----------+---------+-----------+---------+---------+------+-------+----------+-----------------------------------------------------------------------------------+
| Source Type | BUFHCE Site  | Fixed | MMCM Pins | PLL Pins | GT Pins | BRAM Pins | ILOGICs | OLOGICs |  FFs | LUTMs | DSP48E1s |                                   Clock Net Name                                  |
+-------------+--------------+-------+-----------+----------+---------+-----------+---------+---------+------+-------+----------+-----------------------------------------------------------------------------------+
| BUFG        | BUFHCE_X0Y7  |   no  |         0 |        0 |       0 |         0 |      17 |       0 |   89 |     0 |        0 | fmc_imageon_hdmii_clk_IBUF_BUFG                                                   |
| BUFG        | BUFHCE_X0Y10 |   no  |         0 |        0 |       0 |         0 |       0 |       0 |  220 |    16 |        0 | design_1_wrapper_inst/design_1_i/control_path/processing_system7_0/inst/FCLK_CLK0 |
| BUFG        | BUFHCE_X0Y11 |   no  |         0 |        0 |       0 |         5 |       0 |      19 |  541 |     2 |        0 | adv7511_clk_OBUF_BUFG                                                             |
| BUFG        | BUFHCE_X0Y8  |   no  |         0 |        0 |       0 |        16 |       0 |       0 | 2572 |   138 |       13 | design_1_wrapper_inst/design_1_i/control_path/processing_system7_0/inst/FCLK_CLK1 |
| BUFG        | BUFHCE_X0Y9  |   no  |         0 |        0 |       0 |        16 |       0 |       0 | 4949 |   359 |        0 | design_1_wrapper_inst/design_1_i/control_path/processing_system7_0/inst/FCLK_CLK2 |
+-------------+--------------+-------+-----------+----------+---------+-----------+---------+---------+------+-------+----------+-----------------------------------------------------------------------------------+


9. Net wise resources used in clock region X1Y0
-----------------------------------------------

+-------------+--------------+-------+-----------+----------+---------+-----------+---------+---------+------+-------+----------+-----------------------------------------------------------------------------------+
| Source Type | BUFHCE Site  | Fixed | MMCM Pins | PLL Pins | GT Pins | BRAM Pins | ILOGICs | OLOGICs |  FFs | LUTMs | DSP48E1s |                                   Clock Net Name                                  |
+-------------+--------------+-------+-----------+----------+---------+-----------+---------+---------+------+-------+----------+-----------------------------------------------------------------------------------+
| BUFG        | BUFHCE_X1Y9  |   no  |         0 |        0 |       0 |         0 |       0 |       0 |  135 |     0 |        0 | design_1_wrapper_inst/design_1_i/control_path/processing_system7_0/inst/FCLK_CLK2 |
| BUFG        | BUFHCE_X1Y10 |   no  |         0 |        0 |       0 |         0 |       0 |       0 |  775 |    49 |        0 | design_1_wrapper_inst/design_1_i/control_path/processing_system7_0/inst/FCLK_CLK0 |
| BUFG        | BUFHCE_X1Y11 |   no  |         0 |        0 |       0 |         2 |       0 |       0 |  950 |     0 |        0 | fmc_imageon_hdmii_clk_IBUF_BUFG                                                   |
| BUFG        | BUFHCE_X1Y8  |   no  |         0 |        0 |       0 |        58 |       0 |       0 | 8307 |   238 |       38 | design_1_wrapper_inst/design_1_i/control_path/processing_system7_0/inst/FCLK_CLK1 |
+-------------+--------------+-------+-----------+----------+---------+-----------+---------+---------+------+-------+----------+-----------------------------------------------------------------------------------+


10. Net wise resources used in clock region X0Y1
------------------------------------------------

+-------------+--------------+-------+-----------+----------+---------+-----------+---------+---------+------+-------+----------+-----------------------------------------------------------------------------------+
| Source Type | BUFHCE Site  | Fixed | MMCM Pins | PLL Pins | GT Pins | BRAM Pins | ILOGICs | OLOGICs |  FFs | LUTMs | DSP48E1s |                                   Clock Net Name                                  |
+-------------+--------------+-------+-----------+----------+---------+-----------+---------+---------+------+-------+----------+-----------------------------------------------------------------------------------+
| BUFG        | BUFHCE_X0Y23 |   no  |         0 |        0 |       0 |         0 |       0 |       0 |   14 |     0 |        0 | adv7511_clk_OBUF_BUFG                                                             |
| BUFG        | BUFHCE_X0Y22 |   no  |         0 |        0 |       0 |         0 |       0 |       0 |  491 |    47 |        0 | design_1_wrapper_inst/design_1_i/control_path/processing_system7_0/inst/FCLK_CLK0 |
| BUFG        | BUFHCE_X0Y20 |   no  |         0 |        0 |       0 |         1 |       0 |       0 | 1263 |    88 |        0 | design_1_wrapper_inst/design_1_i/control_path/processing_system7_0/inst/FCLK_CLK1 |
| BUFG        | BUFHCE_X0Y21 |   no  |         0 |        0 |       0 |         3 |       0 |       0 | 2235 |   278 |        0 | design_1_wrapper_inst/design_1_i/control_path/processing_system7_0/inst/FCLK_CLK2 |
+-------------+--------------+-------+-----------+----------+---------+-----------+---------+---------+------+-------+----------+-----------------------------------------------------------------------------------+


11. Net wise resources used in clock region X1Y1
------------------------------------------------

+-------------+--------------+-------+-----------+----------+---------+-----------+---------+---------+------+-------+----------+-----------------------------------------------------------------------------------+
| Source Type | BUFHCE Site  | Fixed | MMCM Pins | PLL Pins | GT Pins | BRAM Pins | ILOGICs | OLOGICs |  FFs | LUTMs | DSP48E1s |                                   Clock Net Name                                  |
+-------------+--------------+-------+-----------+----------+---------+-----------+---------+---------+------+-------+----------+-----------------------------------------------------------------------------------+
| BUFG        | BUFHCE_X1Y23 |   no  |         0 |        0 |       0 |         0 |       0 |       0 | 1208 |     2 |        0 | fmc_imageon_hdmii_clk_IBUF_BUFG                                                   |
| BUFG        | BUFHCE_X1Y21 |   no  |         0 |        0 |       0 |         0 |       0 |       0 | 1279 |     0 |        0 | design_1_wrapper_inst/design_1_i/control_path/processing_system7_0/inst/FCLK_CLK2 |
| BUFG        | BUFHCE_X1Y22 |   no  |         0 |        0 |       0 |         0 |       0 |       0 | 1528 |   241 |        0 | design_1_wrapper_inst/design_1_i/control_path/processing_system7_0/inst/FCLK_CLK0 |
| BUFG        | BUFHCE_X1Y20 |   no  |         0 |        0 |       0 |        52 |       0 |       0 | 4161 |   385 |       24 | design_1_wrapper_inst/design_1_i/control_path/processing_system7_0/inst/FCLK_CLK1 |
+-------------+--------------+-------+-----------+----------+---------+-----------+---------+---------+------+-------+----------+-----------------------------------------------------------------------------------+


12. Net wise resources used in clock region X0Y2
------------------------------------------------

+-------------+--------------+-------+-----------+----------+---------+-----------+---------+---------+------+-------+----------+-----------------------------------------------------------------------------------+
| Source Type | BUFHCE Site  | Fixed | MMCM Pins | PLL Pins | GT Pins | BRAM Pins | ILOGICs | OLOGICs |  FFs | LUTMs | DSP48E1s |                                   Clock Net Name                                  |
+-------------+--------------+-------+-----------+----------+---------+-----------+---------+---------+------+-------+----------+-----------------------------------------------------------------------------------+
| BUFG        |      ---     |   no  |         0 |        0 |       0 |         0 |       0 |       0 |    0 |     0 |        0 | design_1_wrapper_inst/design_1_i/control_path/processing_system7_0/inst/FCLK_CLK2 |
| BUFG        | BUFHCE_X0Y33 |   no  |         0 |        0 |       0 |         0 |       0 |       0 |  443 |     1 |        0 | design_1_wrapper_inst/design_1_i/control_path/processing_system7_0/inst/FCLK_CLK0 |
| BUFG        | BUFHCE_X0Y32 |   no  |         0 |        0 |       0 |         4 |       0 |       0 | 1096 |    42 |        7 | design_1_wrapper_inst/design_1_i/control_path/processing_system7_0/inst/FCLK_CLK1 |
| BUFG        | BUFHCE_X0Y34 |   no  |         0 |        0 |       0 |         0 |       0 |       0 | 1665 |     0 |        0 | adv7511_clk_OBUF_BUFG                                                             |
+-------------+--------------+-------+-----------+----------+---------+-----------+---------+---------+------+-------+----------+-----------------------------------------------------------------------------------+


13. Net wise resources used in clock region X1Y2
------------------------------------------------

+-------------+--------------+-------+-----------+----------+---------+-----------+---------+---------+------+-------+----------+-----------------------------------------------------------------------------------+
| Source Type | BUFHCE Site  | Fixed | MMCM Pins | PLL Pins | GT Pins | BRAM Pins | ILOGICs | OLOGICs |  FFs | LUTMs | DSP48E1s |                                   Clock Net Name                                  |
+-------------+--------------+-------+-----------+----------+---------+-----------+---------+---------+------+-------+----------+-----------------------------------------------------------------------------------+
| BUFG        | BUFHCE_X1Y35 |   no  |         0 |        0 |       0 |         2 |       0 |       0 |  110 |     0 |        0 | fmc_imageon_hdmii_clk_IBUF_BUFG                                                   |
| BUFG        | BUFHCE_X1Y34 |   no  |         0 |        0 |       0 |         0 |       0 |       0 |  152 |     2 |        0 | adv7511_clk_OBUF_BUFG                                                             |
| BUFG        | BUFHCE_X1Y33 |   no  |         0 |        0 |       0 |         0 |       0 |       0 |  723 |    82 |        0 | design_1_wrapper_inst/design_1_i/control_path/processing_system7_0/inst/FCLK_CLK0 |
| BUFG        | BUFHCE_X1Y32 |   no  |         0 |        0 |       0 |        21 |       0 |       0 | 6096 |   231 |       28 | design_1_wrapper_inst/design_1_i/control_path/processing_system7_0/inst/FCLK_CLK1 |
+-------------+--------------+-------+-----------+----------+---------+-----------+---------+---------+------+-------+----------+-----------------------------------------------------------------------------------+



# Location of BUFG Primitives 
set_property LOC BUFGCTRL_X0Y0 [get_cells adv7511_clk_OBUF_BUFG_inst]
set_property LOC BUFGCTRL_X0Y17 [get_cells design_1_wrapper_inst/design_1_i/control_path/processing_system7_0/inst/buffer_fclk_clk_0.FCLK_CLK_0_BUFG]
set_property LOC BUFGCTRL_X0Y18 [get_cells design_1_wrapper_inst/design_1_i/control_path/processing_system7_0/inst/buffer_fclk_clk_1.FCLK_CLK_1_BUFG]
set_property LOC BUFGCTRL_X0Y16 [get_cells design_1_wrapper_inst/design_1_i/control_path/processing_system7_0/inst/buffer_fclk_clk_2.FCLK_CLK_2_BUFG]
set_property LOC BUFGCTRL_X0Y1 [get_cells fmc_imageon_hdmii_clk_IBUF_BUFG_inst]

# Location of IO Clock Primitives

# Location of MMCM Clock Primitives

# Location of BUFH Clock Primitives

# Location of BUFR Clock Primitives

# Location of BUFMR Clock Primitives

# Location of PLL Clock Primitives

# Location of IO Primitives which is load of clock spine
set_property LOC IOB_X1Y93 [get_cells adv7511_clk_OBUF_inst]

# Location of clock ports
set_property LOC IOB_X0Y24 [get_ports fmc_imageon_hdmii_clk]
set_property LOC IOB_X0Y26 [get_ports si570_usrclk_p]

# Clock net "adv7511_clk_OBUF_BUFG" driven by instance "adv7511_clk_OBUF_BUFG_inst" located at site "BUFGCTRL_X0Y0"
#startgroup
create_pblock {CLKAG_adv7511_clk_OBUF_BUFG}
add_cells_to_pblock [get_pblocks  {CLKAG_adv7511_clk_OBUF_BUFG}] [get_cells -filter { PRIMITIVE_GROUP != I/O && IS_PRIMITIVE==1 && PRIMITIVE_LEVEL !=INTERNAL && NAME!=adv7511_clk_OBUF_inst} -of_object [get_pins -filter {DIRECTION==IN} -of_objects [get_nets -hierarchical -filter {PARENT=="adv7511_clk_OBUF_BUFG"}]]]
resize_pblock [get_pblocks {CLKAG_adv7511_clk_OBUF_BUFG}] -add {CLOCKREGION_X0Y0:CLOCKREGION_X0Y0 CLOCKREGION_X0Y1:CLOCKREGION_X0Y1 CLOCKREGION_X0Y2:CLOCKREGION_X0Y2 CLOCKREGION_X1Y2:CLOCKREGION_X1Y2}
#endgroup

# Clock net "design_1_wrapper_inst/design_1_i/control_path/processing_system7_0/inst/FCLK_CLK0" driven by instance "design_1_wrapper_inst/design_1_i/control_path/processing_system7_0/inst/buffer_fclk_clk_0.FCLK_CLK_0_BUFG" located at site "BUFGCTRL_X0Y17"
#startgroup
create_pblock {CLKAG_design_1_wrapper_inst/design_1_i/control_path/processing_system7_0/inst/FCLK_CLK0}
add_cells_to_pblock [get_pblocks  {CLKAG_design_1_wrapper_inst/design_1_i/control_path/processing_system7_0/inst/FCLK_CLK0}] [get_cells -filter { PRIMITIVE_GROUP != I/O && IS_PRIMITIVE==1 && PRIMITIVE_LEVEL !=INTERNAL } -of_object [get_pins -filter {DIRECTION==IN} -of_objects [get_nets -hierarchical -filter {PARENT=="design_1_wrapper_inst/design_1_i/control_path/processing_system7_0/inst/FCLK_CLK0"}]]]
resize_pblock [get_pblocks {CLKAG_design_1_wrapper_inst/design_1_i/control_path/processing_system7_0/inst/FCLK_CLK0}] -add {CLOCKREGION_X0Y0:CLOCKREGION_X0Y0 CLOCKREGION_X0Y1:CLOCKREGION_X0Y1 CLOCKREGION_X0Y2:CLOCKREGION_X0Y2 CLOCKREGION_X1Y0:CLOCKREGION_X1Y0 CLOCKREGION_X1Y1:CLOCKREGION_X1Y1 CLOCKREGION_X1Y2:CLOCKREGION_X1Y2}
#endgroup

# Clock net "design_1_wrapper_inst/design_1_i/control_path/processing_system7_0/inst/FCLK_CLK1" driven by instance "design_1_wrapper_inst/design_1_i/control_path/processing_system7_0/inst/buffer_fclk_clk_1.FCLK_CLK_1_BUFG" located at site "BUFGCTRL_X0Y18"
#startgroup
create_pblock {CLKAG_design_1_wrapper_inst/design_1_i/control_path/processing_system7_0/inst/FCLK_CLK1}
add_cells_to_pblock [get_pblocks  {CLKAG_design_1_wrapper_inst/design_1_i/control_path/processing_system7_0/inst/FCLK_CLK1}] [get_cells -filter { PRIMITIVE_GROUP != I/O && IS_PRIMITIVE==1 && PRIMITIVE_LEVEL !=INTERNAL } -of_object [get_pins -filter {DIRECTION==IN} -of_objects [get_nets -hierarchical -filter {PARENT=="design_1_wrapper_inst/design_1_i/control_path/processing_system7_0/inst/FCLK_CLK1"}]]]
resize_pblock [get_pblocks {CLKAG_design_1_wrapper_inst/design_1_i/control_path/processing_system7_0/inst/FCLK_CLK1}] -add {CLOCKREGION_X0Y0:CLOCKREGION_X0Y0 CLOCKREGION_X0Y1:CLOCKREGION_X0Y1 CLOCKREGION_X0Y2:CLOCKREGION_X0Y2 CLOCKREGION_X1Y0:CLOCKREGION_X1Y0 CLOCKREGION_X1Y1:CLOCKREGION_X1Y1 CLOCKREGION_X1Y2:CLOCKREGION_X1Y2}
#endgroup

# Clock net "design_1_wrapper_inst/design_1_i/control_path/processing_system7_0/inst/FCLK_CLK2" driven by instance "design_1_wrapper_inst/design_1_i/control_path/processing_system7_0/inst/buffer_fclk_clk_2.FCLK_CLK_2_BUFG" located at site "BUFGCTRL_X0Y16"
#startgroup
create_pblock {CLKAG_design_1_wrapper_inst/design_1_i/control_path/processing_system7_0/inst/FCLK_CLK2}
add_cells_to_pblock [get_pblocks  {CLKAG_design_1_wrapper_inst/design_1_i/control_path/processing_system7_0/inst/FCLK_CLK2}] [get_cells -filter { PRIMITIVE_GROUP != I/O && IS_PRIMITIVE==1 && PRIMITIVE_LEVEL !=INTERNAL } -of_object [get_pins -filter {DIRECTION==IN} -of_objects [get_nets -hierarchical -filter {PARENT=="design_1_wrapper_inst/design_1_i/control_path/processing_system7_0/inst/FCLK_CLK2"}]]]
resize_pblock [get_pblocks {CLKAG_design_1_wrapper_inst/design_1_i/control_path/processing_system7_0/inst/FCLK_CLK2}] -add {CLOCKREGION_X0Y0:CLOCKREGION_X0Y0 CLOCKREGION_X0Y1:CLOCKREGION_X0Y1 CLOCKREGION_X0Y2:CLOCKREGION_X0Y2 CLOCKREGION_X1Y0:CLOCKREGION_X1Y0 CLOCKREGION_X1Y1:CLOCKREGION_X1Y1}
#endgroup

# Clock net "fmc_imageon_hdmii_clk_IBUF_BUFG" driven by instance "fmc_imageon_hdmii_clk_IBUF_BUFG_inst" located at site "BUFGCTRL_X0Y1"
#startgroup
create_pblock {CLKAG_fmc_imageon_hdmii_clk_IBUF_BUFG}
add_cells_to_pblock [get_pblocks  {CLKAG_fmc_imageon_hdmii_clk_IBUF_BUFG}] [get_cells -filter { PRIMITIVE_GROUP != I/O && IS_PRIMITIVE==1 && PRIMITIVE_LEVEL !=INTERNAL } -of_object [get_pins -filter {DIRECTION==IN} -of_objects [get_nets -hierarchical -filter {PARENT=="fmc_imageon_hdmii_clk_IBUF_BUFG"}]]]
resize_pblock [get_pblocks {CLKAG_fmc_imageon_hdmii_clk_IBUF_BUFG}] -add {CLOCKREGION_X0Y0:CLOCKREGION_X0Y0 CLOCKREGION_X1Y0:CLOCKREGION_X1Y0 CLOCKREGION_X1Y1:CLOCKREGION_X1Y1 CLOCKREGION_X1Y2:CLOCKREGION_X1Y2}
#endgroup
